MPLINK 5.08, LINKER
Linker Map File - Created Fri Mar 10 04:21:01 2017

                                 Section Info
                  Section       Type    Address   Location Size(Bytes)
                ---------  ---------  ---------  ---------  ---------
                   .org_0       code   0x000000    program   0x000052
                   .cinit    romdata   0x000029    program   0x000004
.config_2007_BUILD/DEFAULT/PRODUCTION/XLAB4.O       code   0x002007    program   0x000002



                              Program Memory Usage 
                               Start         End      
                           ---------   ---------      
                            0x000000    0x00002a      
                            0x002007    0x002007      
            44 out of 1094 program addresses used, program memory utilization is 4%



                              Symbols - Sorted by Name
                     Name    Address   Location    Storage File                     
                ---------  ---------  ---------  --------- ---------                
                    begin   0x00000b    program     static D:\EDU\University\sem_posledniy\POVS\povs1\xLab4.X\xlab4.asm
                    clear   0x000025    program     static D:\EDU\University\sem_posledniy\POVS\povs1\xLab4.X\xlab4.asm
                  display   0x00001c    program     static D:\EDU\University\sem_posledniy\POVS\povs1\xLab4.X\xlab4.asm
                       m1   0x00000b    program     static D:\EDU\University\sem_posledniy\POVS\povs1\xLab4.X\xlab4.asm
                       m2   0x00000d    program     static D:\EDU\University\sem_posledniy\POVS\povs1\xLab4.X\xlab4.asm
                switchoff   0x000019    program     static D:\EDU\University\sem_posledniy\POVS\povs1\xLab4.X\xlab4.asm
                 switchon   0x000016    program     static D:\EDU\University\sem_posledniy\POVS\povs1\xLab4.X\xlab4.asm



                              Symbols - Sorted by Address
                     Name    Address   Location    Storage File                     
                ---------  ---------  ---------  --------- ---------                
                    begin   0x00000b    program     static D:\EDU\University\sem_posledniy\POVS\povs1\xLab4.X\xlab4.asm
                       m1   0x00000b    program     static D:\EDU\University\sem_posledniy\POVS\povs1\xLab4.X\xlab4.asm
                       m2   0x00000d    program     static D:\EDU\University\sem_posledniy\POVS\povs1\xLab4.X\xlab4.asm
                 switchon   0x000016    program     static D:\EDU\University\sem_posledniy\POVS\povs1\xLab4.X\xlab4.asm
                switchoff   0x000019    program     static D:\EDU\University\sem_posledniy\POVS\povs1\xLab4.X\xlab4.asm
                  display   0x00001c    program     static D:\EDU\University\sem_posledniy\POVS\povs1\xLab4.X\xlab4.asm
                    clear   0x000025    program     static D:\EDU\University\sem_posledniy\POVS\povs1\xLab4.X\xlab4.asm


