MPLINK 5.08, LINKER
Linker Map File - Created Sun Mar 12 13:58:08 2017

                                 Section Info
                  Section       Type    Address   Location Size(Bytes)
                ---------  ---------  ---------  ---------  ---------
                   .org_0       code   0x000000    program   0x000086
                   .cinit    romdata   0x000043    program   0x000004
.config_2007_BUILD/DEFAULT/DEBUG/LB6.O       code   0x002007    program   0x000002



                              Program Memory Usage 
                               Start         End      
                           ---------   ---------      
                            0x000000    0x000044      
                            0x002007    0x002007      
            70 out of 1094 program addresses used, program memory utilization is 6%



                              Symbols - Sorted by Name
                     Name    Address   Location    Storage File                     
                ---------  ---------  ---------  --------- ---------                
                   Check1   0x00000c    program     static E:\University\xLab6.X\lb6.asm
                  Check11   0x000018    program     static E:\University\xLab6.X\lb6.asm
                  Check12   0x00002b    program     static E:\University\xLab6.X\lb6.asm
                  Check13   0x00003e    program     static E:\University\xLab6.X\lb6.asm
                   Check2   0x00001f    program     static E:\University\xLab6.X\lb6.asm
                   Check3   0x000032    program     static E:\University\xLab6.X\lb6.asm
                   Check4   0x000010    program     static E:\University\xLab6.X\lb6.asm
                   Check5   0x000023    program     static E:\University\xLab6.X\lb6.asm
                   Check6   0x000036    program     static E:\University\xLab6.X\lb6.asm
                   Check7   0x000014    program     static E:\University\xLab6.X\lb6.asm
                   Check8   0x000027    program     static E:\University\xLab6.X\lb6.asm
                   Check9   0x00003a    program     static E:\University\xLab6.X\lb6.asm
                  Column1   0x000009    program     static E:\University\xLab6.X\lb6.asm
                  Column2   0x00001c    program     static E:\University\xLab6.X\lb6.asm
                  Column3   0x00002f    program     static E:\University\xLab6.X\lb6.asm
                    Start   0x000000    program     static E:\University\xLab6.X\lb6.asm



                              Symbols - Sorted by Address
                     Name    Address   Location    Storage File                     
                ---------  ---------  ---------  --------- ---------                
                    Start   0x000000    program     static E:\University\xLab6.X\lb6.asm
                  Column1   0x000009    program     static E:\University\xLab6.X\lb6.asm
                   Check1   0x00000c    program     static E:\University\xLab6.X\lb6.asm
                   Check4   0x000010    program     static E:\University\xLab6.X\lb6.asm
                   Check7   0x000014    program     static E:\University\xLab6.X\lb6.asm
                  Check11   0x000018    program     static E:\University\xLab6.X\lb6.asm
                  Column2   0x00001c    program     static E:\University\xLab6.X\lb6.asm
                   Check2   0x00001f    program     static E:\University\xLab6.X\lb6.asm
                   Check5   0x000023    program     static E:\University\xLab6.X\lb6.asm
                   Check8   0x000027    program     static E:\University\xLab6.X\lb6.asm
                  Check12   0x00002b    program     static E:\University\xLab6.X\lb6.asm
                  Column3   0x00002f    program     static E:\University\xLab6.X\lb6.asm
                   Check3   0x000032    program     static E:\University\xLab6.X\lb6.asm
                   Check6   0x000036    program     static E:\University\xLab6.X\lb6.asm
                   Check9   0x00003a    program     static E:\University\xLab6.X\lb6.asm
                  Check13   0x00003e    program     static E:\University\xLab6.X\lb6.asm


