MPLINK 5.08, LINKER
Linker Map File - Created Thu Mar 16 01:56:13 2017

                                 Section Info
                  Section       Type    Address   Location Size(Bytes)
                ---------  ---------  ---------  ---------  ---------
                   .org_0       code   0x000000    program   0x000136
                   .cinit    romdata   0x00009b    program   0x000004
.config_2007_BUILD/DEFAULT/DEBUG/LB6.O       code   0x002007    program   0x000002



                              Program Memory Usage 
                               Start         End      
                           ---------   ---------      
                            0x000000    0x00009c      
                            0x002007    0x002007      
            158 out of 1094 program addresses used, program memory utilization is 14%



                              Symbols - Sorted by Name
                     Name    Address   Location    Storage File                     
                ---------  ---------  ---------  --------- ---------                
                   Check1   0x000015    program     static E:\University\xLab6.X\lb6.asm
                  Check11   0x00002a    program     static E:\University\xLab6.X\lb6.asm
                  Check12   0x000049    program     static E:\University\xLab6.X\lb6.asm
                  Check13   0x000067    program     static E:\University\xLab6.X\lb6.asm
                   Check2   0x000034    program     static E:\University\xLab6.X\lb6.asm
                   Check3   0x000052    program     static E:\University\xLab6.X\lb6.asm
                   Check4   0x00001c    program     static E:\University\xLab6.X\lb6.asm
                   Check5   0x00003b    program     static E:\University\xLab6.X\lb6.asm
                   Check6   0x000059    program     static E:\University\xLab6.X\lb6.asm
                   Check7   0x000023    program     static E:\University\xLab6.X\lb6.asm
                   Check8   0x000042    program     static E:\University\xLab6.X\lb6.asm
                   Check9   0x000060    program     static E:\University\xLab6.X\lb6.asm
                  Column1   0x000012    program     static E:\University\xLab6.X\lb6.asm
                  Column2   0x000031    program     static E:\University\xLab6.X\lb6.asm
                  Column3   0x00004f    program     static E:\University\xLab6.X\lb6.asm
                    check   0x000088    program     static E:\University\xLab6.X\lb6.asm
                    false   0x000073    program     static E:\University\xLab6.X\lb6.asm
                     next   0x000089    program     static E:\University\xLab6.X\lb6.asm
                     true   0x00006e    program     static E:\University\xLab6.X\lb6.asm
                    write   0x000078    program     static E:\University\xLab6.X\lb6.asm



                              Symbols - Sorted by Address
                     Name    Address   Location    Storage File                     
                ---------  ---------  ---------  --------- ---------                
                  Column1   0x000012    program     static E:\University\xLab6.X\lb6.asm
                   Check1   0x000015    program     static E:\University\xLab6.X\lb6.asm
                   Check4   0x00001c    program     static E:\University\xLab6.X\lb6.asm
                   Check7   0x000023    program     static E:\University\xLab6.X\lb6.asm
                  Check11   0x00002a    program     static E:\University\xLab6.X\lb6.asm
                  Column2   0x000031    program     static E:\University\xLab6.X\lb6.asm
                   Check2   0x000034    program     static E:\University\xLab6.X\lb6.asm
                   Check5   0x00003b    program     static E:\University\xLab6.X\lb6.asm
                   Check8   0x000042    program     static E:\University\xLab6.X\lb6.asm
                  Check12   0x000049    program     static E:\University\xLab6.X\lb6.asm
                  Column3   0x00004f    program     static E:\University\xLab6.X\lb6.asm
                   Check3   0x000052    program     static E:\University\xLab6.X\lb6.asm
                   Check6   0x000059    program     static E:\University\xLab6.X\lb6.asm
                   Check9   0x000060    program     static E:\University\xLab6.X\lb6.asm
                  Check13   0x000067    program     static E:\University\xLab6.X\lb6.asm
                     true   0x00006e    program     static E:\University\xLab6.X\lb6.asm
                    false   0x000073    program     static E:\University\xLab6.X\lb6.asm
                    write   0x000078    program     static E:\University\xLab6.X\lb6.asm
                    check   0x000088    program     static E:\University\xLab6.X\lb6.asm
                     next   0x000089    program     static E:\University\xLab6.X\lb6.asm


