MPLINK 5.08, LINKER
Linker Map File - Created Fri Mar 10 02:38:09 2017

                                 Section Info
                  Section       Type    Address   Location Size(Bytes)
                ---------  ---------  ---------  ---------  ---------
                   .org_0       code   0x000000    program   0x000048
                   .cinit    romdata   0x000024    program   0x000004
.config_2007_BUILD/DEFAULT/DEBUG/NEWPIC_8B_SI       code   0x002007    program   0x000002



                              Program Memory Usage 
                               Start         End      
                           ---------   ---------      
                            0x000000    0x000025      
                            0x002007    0x002007      
            39 out of 1094 program addresses used, program memory utilization is 3%



                              Symbols - Sorted by Name
                     Name    Address   Location    Storage File                     
                ---------  ---------  ---------  --------- ---------                
                    LOOP1   0x00001f    program     static D:\EDU\University\sem_posledniy\POVS\povs1\xLab3.X\newpic_8b_simple.asm
                    LOOP2   0x00001d    program     static D:\EDU\University\sem_posledniy\POVS\povs1\xLab3.X\newpic_8b_simple.asm
                    delay   0x00001b    program     static D:\EDU\University\sem_posledniy\POVS\povs1\xLab3.X\newpic_8b_simple.asm
                     init   0x000004    program     static D:\EDU\University\sem_posledniy\POVS\povs1\xLab3.X\newpic_8b_simple.asm
                    loop1   0x000006    program     static D:\EDU\University\sem_posledniy\POVS\povs1\xLab3.X\newpic_8b_simple.asm
                    loop2   0x000010    program     static D:\EDU\University\sem_posledniy\POVS\povs1\xLab3.X\newpic_8b_simple.asm



                              Symbols - Sorted by Address
                     Name    Address   Location    Storage File                     
                ---------  ---------  ---------  --------- ---------                
                     init   0x000004    program     static D:\EDU\University\sem_posledniy\POVS\povs1\xLab3.X\newpic_8b_simple.asm
                    loop1   0x000006    program     static D:\EDU\University\sem_posledniy\POVS\povs1\xLab3.X\newpic_8b_simple.asm
                    loop2   0x000010    program     static D:\EDU\University\sem_posledniy\POVS\povs1\xLab3.X\newpic_8b_simple.asm
                    delay   0x00001b    program     static D:\EDU\University\sem_posledniy\POVS\povs1\xLab3.X\newpic_8b_simple.asm
                    LOOP2   0x00001d    program     static D:\EDU\University\sem_posledniy\POVS\povs1\xLab3.X\newpic_8b_simple.asm
                    LOOP1   0x00001f    program     static D:\EDU\University\sem_posledniy\POVS\povs1\xLab3.X\newpic_8b_simple.asm


