MPLINK 5.08, LINKER
Linker Map File - Created Fri Mar 10 22:12:38 2017

                                 Section Info
                  Section       Type    Address   Location Size(Bytes)
                ---------  ---------  ---------  ---------  ---------
                   .org_0       code   0x000000    program   0x000072
                   .cinit    romdata   0x000039    program   0x000004
.config_2007_BUILD/DEFAULT/DEBUG/NEWPIC_8B_SI       code   0x002007    program   0x000002



                              Program Memory Usage 
                               Start         End      
                           ---------   ---------      
                            0x000000    0x00003a      
                            0x002007    0x002007      
            60 out of 1094 program addresses used, program memory utilization is 5%



                              Symbols - Sorted by Name
                     Name    Address   Location    Storage File                     
                ---------  ---------  ---------  --------- ---------                
                    LOOP1   0x000034    program     static E:\University\xLab3.X\newpic_8b_simple.asm
                    LOOP2   0x000032    program     static E:\University\xLab3.X\newpic_8b_simple.asm
                   change   0x00000c    program     static E:\University\xLab3.X\newpic_8b_simple.asm
                    click   0x000009    program     static E:\University\xLab3.X\newpic_8b_simple.asm
                 continue   0x000010    program     static E:\University\xLab3.X\newpic_8b_simple.asm
                    delay   0x000030    program     static E:\University\xLab3.X\newpic_8b_simple.asm
                 init_end   0x00002d    program     static E:\University\xLab3.X\newpic_8b_simple.asm
               init_start   0x00002a    program     static E:\University\xLab3.X\newpic_8b_simple.asm
                loop_left   0x00001f    program     static E:\University\xLab3.X\newpic_8b_simple.asm
               loop_right   0x000013    program     static E:\University\xLab3.X\newpic_8b_simple.asm



                              Symbols - Sorted by Address
                     Name    Address   Location    Storage File                     
                ---------  ---------  ---------  --------- ---------                
                    click   0x000009    program     static E:\University\xLab3.X\newpic_8b_simple.asm
                   change   0x00000c    program     static E:\University\xLab3.X\newpic_8b_simple.asm
                 continue   0x000010    program     static E:\University\xLab3.X\newpic_8b_simple.asm
               loop_right   0x000013    program     static E:\University\xLab3.X\newpic_8b_simple.asm
                loop_left   0x00001f    program     static E:\University\xLab3.X\newpic_8b_simple.asm
               init_start   0x00002a    program     static E:\University\xLab3.X\newpic_8b_simple.asm
                 init_end   0x00002d    program     static E:\University\xLab3.X\newpic_8b_simple.asm
                    delay   0x000030    program     static E:\University\xLab3.X\newpic_8b_simple.asm
                    LOOP2   0x000032    program     static E:\University\xLab3.X\newpic_8b_simple.asm
                    LOOP1   0x000034    program     static E:\University\xLab3.X\newpic_8b_simple.asm


