MPLINK 5.08, LINKER
Linker Map File - Created Fri Mar 10 21:06:39 2017

                                 Section Info
                  Section       Type    Address   Location Size(Bytes)
                ---------  ---------  ---------  ---------  ---------
                   .org_0       code   0x000000    program   0x000064
                   .cinit    romdata   0x000032    program   0x000004
.config_2007_BUILD/DEFAULT/PRODUCTION/NEWPIC_       code   0x002007    program   0x000002



                              Program Memory Usage 
                               Start         End      
                           ---------   ---------      
                            0x000000    0x000033      
                            0x002007    0x002007      
            53 out of 1094 program addresses used, program memory utilization is 4%



                              Symbols - Sorted by Name
                     Name    Address   Location    Storage File                     
                ---------  ---------  ---------  --------- ---------                
                    LOOP1   0x00002d    program     static E:\University\xLab3.X\newpic_8b_simple.asm
                    LOOP2   0x00002b    program     static E:\University\xLab3.X\newpic_8b_simple.asm
                   change   0x000008    program     static E:\University\xLab3.X\newpic_8b_simple.asm
                    click   0x000005    program     static E:\University\xLab3.X\newpic_8b_simple.asm
                 continue   0x00000c    program     static E:\University\xLab3.X\newpic_8b_simple.asm
                    delay   0x000029    program     static E:\University\xLab3.X\newpic_8b_simple.asm
                     init   0x00000f    program     static E:\University\xLab3.X\newpic_8b_simple.asm
                loop_left   0x00001e    program     static E:\University\xLab3.X\newpic_8b_simple.asm
               loop_right   0x000013    program     static E:\University\xLab3.X\newpic_8b_simple.asm



                              Symbols - Sorted by Address
                     Name    Address   Location    Storage File                     
                ---------  ---------  ---------  --------- ---------                
                    click   0x000005    program     static E:\University\xLab3.X\newpic_8b_simple.asm
                   change   0x000008    program     static E:\University\xLab3.X\newpic_8b_simple.asm
                 continue   0x00000c    program     static E:\University\xLab3.X\newpic_8b_simple.asm
                     init   0x00000f    program     static E:\University\xLab3.X\newpic_8b_simple.asm
               loop_right   0x000013    program     static E:\University\xLab3.X\newpic_8b_simple.asm
                loop_left   0x00001e    program     static E:\University\xLab3.X\newpic_8b_simple.asm
                    delay   0x000029    program     static E:\University\xLab3.X\newpic_8b_simple.asm
                    LOOP2   0x00002b    program     static E:\University\xLab3.X\newpic_8b_simple.asm
                    LOOP1   0x00002d    program     static E:\University\xLab3.X\newpic_8b_simple.asm


