MPLINK 5.08, LINKER
Linker Map File - Created Fri Mar 10 22:16:27 2017

                                 Section Info
                  Section       Type    Address   Location Size(Bytes)
                ---------  ---------  ---------  ---------  ---------
                   .org_0       code   0x000000    program   0x000078
                   .cinit    romdata   0x00003c    program   0x000004
.config_2007_BUILD/DEFAULT/PRODUCTION/NEWPIC_       code   0x002007    program   0x000002



                              Program Memory Usage 
                               Start         End      
                           ---------   ---------      
                            0x000000    0x00003d      
                            0x002007    0x002007      
            63 out of 1094 program addresses used, program memory utilization is 5%



                              Symbols - Sorted by Name
                     Name    Address   Location    Storage File                     
                ---------  ---------  ---------  --------- ---------                
                    LOOP1   0x000037    program     static E:\University\xLab3.X\newpic_8b_simple.asm
                    LOOP2   0x000035    program     static E:\University\xLab3.X\newpic_8b_simple.asm
                   change   0x00000c    program     static E:\University\xLab3.X\newpic_8b_simple.asm
                    click   0x000009    program     static E:\University\xLab3.X\newpic_8b_simple.asm
                 continue   0x000010    program     static E:\University\xLab3.X\newpic_8b_simple.asm
                    delay   0x000033    program     static E:\University\xLab3.X\newpic_8b_simple.asm
                 init_end   0x000030    program     static E:\University\xLab3.X\newpic_8b_simple.asm
               init_start   0x00002d    program     static E:\University\xLab3.X\newpic_8b_simple.asm
                loop_left   0x000020    program     static E:\University\xLab3.X\newpic_8b_simple.asm
               loop_right   0x000013    program     static E:\University\xLab3.X\newpic_8b_simple.asm
                       m2   0x00000c    program     static E:\University\xLab3.X\newpic_8b_simple.asm



                              Symbols - Sorted by Address
                     Name    Address   Location    Storage File                     
                ---------  ---------  ---------  --------- ---------                
                    click   0x000009    program     static E:\University\xLab3.X\newpic_8b_simple.asm
                   change   0x00000c    program     static E:\University\xLab3.X\newpic_8b_simple.asm
                       m2   0x00000c    program     static E:\University\xLab3.X\newpic_8b_simple.asm
                 continue   0x000010    program     static E:\University\xLab3.X\newpic_8b_simple.asm
               loop_right   0x000013    program     static E:\University\xLab3.X\newpic_8b_simple.asm
                loop_left   0x000020    program     static E:\University\xLab3.X\newpic_8b_simple.asm
               init_start   0x00002d    program     static E:\University\xLab3.X\newpic_8b_simple.asm
                 init_end   0x000030    program     static E:\University\xLab3.X\newpic_8b_simple.asm
                    delay   0x000033    program     static E:\University\xLab3.X\newpic_8b_simple.asm
                    LOOP2   0x000035    program     static E:\University\xLab3.X\newpic_8b_simple.asm
                    LOOP1   0x000037    program     static E:\University\xLab3.X\newpic_8b_simple.asm


